
network          robinhood  (chain 4663)
deployer         0x91596DFCD3aA33cBB6a20D1BaAA82c072c40b2A2
balance          0.004413112307226945 ETH
price / cultist  0.01 ETH
a full Bloodline 0.2 ETH  (20 cultists)
max supply       uncapped
team    (20%)    0xe8C03A96fEC88E51f7BB1315bF58F38321B5aCaB
treasury (80%)   0x018B025A1f4d4C049CE4B24ACC080E6f922e67e8
base URI         https://membersonly.cc/nft/
token            THROBBIN  0xe8fB470E0685437d7739BD2AacBA60b228800335  (18 decimals)
price / cultist  30000 THROBBIN
a full Bloodline 600000 THROBBIN  (20 cultists)
  in raw units   30000000000000000000000

*** ROBINHOOD MAINNET. Every value above is immutable. ***
Ctrl-C now if any of it is wrong. Continuing in 15s…


deployed         0x95819A1623308C06ddA8947b87d6CfA482EEb9DE
mint is CLOSED, and the OLD collection may still be open — close that first.
Open this one with:  npm run open:robinhood

Put this in web/index.html:
  <meta name="bloodline-address" content="0x95819A1623308C06ddA8947b87d6CfA482EEb9DE" />
  <meta name="bloodline-chain-id" content="4663" />
  <meta name="pay-token" content="0xe8fB470E0685437d7739BD2AacBA60b228800335" />
  <meta name="pay-token-symbol" content="THROBBIN" />

Verify:  npx hardhat verify --network robinhood 0x95819A1623308C06ddA8947b87d6CfA482EEb9DE 10000000000000000 115792089237316195423570985008687907853269984665640564039457584007913129639935 0xe8C03A96fEC88E51f7BB1315bF58F38321B5aCaB 0x018B025A1f4d4C049CE4B24ACC080E6f922e67e8 "https://membersonly.cc/nft/" 0xe8fB470E0685437d7739BD2AacBA60b228800335 30000000000000000000000
